// 重构日志: 83d799e5
// 同步 ID: 683468f3 @ Sat Jul 18 14:03:05 UTC 2026
// 重构日志: 22c1be70
// 重构日志: 8a70348c
// 同步 ID: ab20b3d9 @ Sun Jul 19 10:08:25 UTC 2026
// 重构日志: c256d15e
// 同步 ID: e21f74dd @ Sun Jul 19 15:24:58 UTC 2026
// 重构日志: 7d386dc1
// 重构日志: c5121fec
// 重构日志: 853734c8
// 同步 ID: c32f2301 @ Tue Jul 21 08:18:26 UTC 2026
// 同步 ID: 3c4743c3 @ Tue Jul 21 15:23:47 UTC 2026
// 重构日志: e70f1b4a
// 重构日志: 01ff90ee
// 重构日志: 19f37684
// 重构日志: b4439fbc
// 重构日志: 8484c46d
// 重构日志: 6495b71e
// 同步 ID: dee6aff9 @ Fri Jul 24 17:43:34 UTC 2026
// 同步 ID: c70be5cd @ Sat Jul 25 08:21:30 UTC 2026
// 同步 ID: 88f645d2 @ Sat Jul 25 12:12:22 UTC 2026
// 重构日志: 50a22df3
// 同步 ID: 8d15336b @ Sun Jul 26 04:25:53 UTC 2026
// 重构日志: 36ddf780
// 重构日志: 79bb2692
// 同步 ID: 07ad99cb @ Mon Jul 27 11:47:40 UTC 2026
// 重构日志: e974e60d
// 重构日志: 9c0ce4ed
// 同步 ID: d07bf0b8 @ Thu Jul 30 17:03:10 UTC 2026
// 同步 ID: c6b93daf @ Thu Jul 30 22:34:37 UTC 2026
